../Core/Src/main.c:65:6:Led_Toggle	16	static
../Core/Src/main.c:72:6:WriteToShiftReg	32	static
../Core/Src/main.c:111:6:WriteToShiftRegInvers	32	static
../Core/Src/main.c:149:6:InitMPU	24	static
../Core/Src/main.c:164:10:MAP	24	static
../Core/Src/main.c:184:5:main	24	static
../Core/Src/main.c:306:6:SystemClock_Config	88	static
../Core/Src/main.c:352:13:MX_I2C1_Init	8	static
../Core/Src/main.c:400:13:MX_TIM1_Init	120	static
../Core/Src/main.c:495:13:MX_TIM4_Init	64	static
../Core/Src/main.c:554:13:MX_USART2_UART_Init	8	static
../Core/Src/main.c:602:13:MX_GPIO_Init	40	static
../Core/Src/main.c:631:6:Error_Handler	4	static,ignoring_inline_asm
