../Core/Src/main.c:70:6:WriteToShiftReg	32	static
../Core/Src/main.c:109:6:WriteToShiftRegInvers	32	static
../Core/Src/main.c:147:6:WriteToShiftRegBit	16	static
../Core/Src/main.c:162:10:MAP	24	static
../Core/Src/main.c:167:6:HAL_UART_TxCpltCallback	16	static
../Core/Src/main.c:173:6:HAL_UART_RxCpltCallback	16	static
../Core/Src/main.c:195:6:ReadMPU	16	static
../Core/Src/main.c:233:5:main	32	static
../Core/Src/main.c:397:6:SystemClock_Config	88	static
../Core/Src/main.c:443:13:MX_I2C1_Init	8	static
../Core/Src/main.c:491:13:MX_TIM1_Init	120	static
../Core/Src/main.c:586:13:MX_TIM4_Init	64	static
../Core/Src/main.c:645:13:MX_USART2_UART_Init	8	static
../Core/Src/main.c:691:13:MX_DMA_Init	16	static
../Core/Src/main.c:710:13:MX_GPIO_Init	40	static
../Core/Src/main.c:739:6:Error_Handler	4	static,ignoring_inline_asm
